
> phonexis@0.1.0 build
> react-scripts build

Creating an optimized production build...
Compiled with warnings.

[eslint] 
src\components\Modules\Vowels\VowelRush\VowelRush.js
  Line 94:10:  'streak' is assigned a value but never used  no-unused-vars

Search for the keywords to learn more about each warning.
To ignore, add // eslint-disable-next-line to the line before.

File sizes after gzip:

  142.48 kB  build\static\js\main.d18c795d.js
  16.81 kB   build\static\css\main.40a73198.css
  1.76 kB    build\static\js\453.f086f076.chunk.js

The project was built assuming it is hosted at /.
You can control this with the homepage field in your package.json.

The build folder is ready to be deployed.
You may serve it with a static server:

  npm install -g serve
  serve -s build

Find out more about deployment here:

  https://cra.link/deployment

